(gdb) r
The program being debugged has been started already.
Start it from the beginning? (y or n) y
Starting program: /mnt/hgfs/Graduation/Ada2Rust/build/Ada2Compiler /mnt/hgfs/Graduation/Ada2Rust/build/Ada2Compiler /mnt/hgfs/Graduation/Ada2Rust/example/src/example.adb -t -o /mnt/hgfs/Graduation/Ada2Rust/example/src/example.toks

[Thread debugging using libthread_db enabled]
Using host libthread_db library "/lib/x86_64-linux-gnu/libthread_db.so.1".

Breakpoint 1, main (argc=6, argv=0x7fffffffdd18) at src/main.cpp:58
58	  yyparse();
(gdb) set debug-file-directory /mnt/hgfs/Graduation/Ada2Rust/
(gdb) show debug-file-directory
The directory where separate debug symbols are searched for is "/mnt/hgfs/Graduation/Ada2Rust/".
(gdb) s
yyparse () at src/parser.cpp:1331
1331	{
(gdb) s
1371	  yychar = YYEMPTY; /* Cause a token to be read.  */
(gdb) s
1392	  *yyssp = YY_CAST (yy_state_t, yystate);
(gdb) s
1396	  if (yyss + yystacksize - 1 <= yyssp)
(gdb) s
1460	  if (yystate == YYFINAL)
(gdb) s
1474	  yyn = yypact[yystate];
(gdb) s
1475	  if (yypact_value_is_default (yyn))
(gdb) s
1481	  if (yychar == YYEMPTY)
(gdb) s
1484	      yychar = yylex ();
(gdb) s
yylex () at src/lexer.cpp:826
826	{
(gdb) s
831		if ( !(yy_init) )
(gdb) s
833			(yy_init) = 1;
(gdb) s
839			if ( ! (yy_start) )
(gdb) s
840				(yy_start) = 1;	/* first start state */
(gdb) s
842			if ( ! yyin )
(gdb) s
845			if ( ! yyout )
(gdb) s
848			if ( ! YY_CURRENT_BUFFER ) {
(gdb) s
849				yyensure_buffer_stack ();
(gdb) s
yyensure_buffer_stack () at src/lexer.cpp:1960
1960			(yy_buffer_stack) = (struct yy_buffer_state**)yyalloc
(gdb) s
yyalloc (size=8) at src/lexer.cpp:2265
2265				return malloc(size);
(gdb) ss
Undefined command: "ss".  Try "help".
(gdb) s
yyensure_buffer_stack () at src/lexer.cpp:1960
1960			(yy_buffer_stack) = (struct yy_buffer_state**)yyalloc
(gdb) s
1963			if ( ! (yy_buffer_stack) )
(gdb) s
1966			memset((yy_buffer_stack), 0, num_to_alloc * sizeof(struct yy_buffer_state*));
(gdb) s
1968			(yy_buffer_stack_max) = num_to_alloc;
(gdb) s
1969			(yy_buffer_stack_top) = 0;
(gdb) s
yylex () at src/lexer.cpp:851
851					yy_create_buffer( yyin, YY_BUF_SIZE );
(gdb) s
yy_create_buffer (file=0x555555591480, size=16384) at src/lexer.cpp:1800
1800		b = (YY_BUFFER_STATE) yyalloc( sizeof( struct yy_buffer_state )  );
(gdb) s
yyalloc (size=64) at src/lexer.cpp:2265
2265				return malloc(size);
(gdb) s
yy_create_buffer (file=0x555555591480, size=16384) at src/lexer.cpp:1801
1801		if ( ! b )
(gdb) s
1804		b->yy_buf_size = size;
(gdb) s
1809		b->yy_ch_buf = (char *) yyalloc( (yy_size_t) (b->yy_buf_size + 2)  );
(gdb) s
yyalloc (size=16386) at src/lexer.cpp:2265
2265				return malloc(size);
(gdb) s
yy_create_buffer (file=0x555555591480, size=16384) at src/lexer.cpp:1809
1809		b->yy_ch_buf = (char *) yyalloc( (yy_size_t) (b->yy_buf_size + 2)  );
(gdb) s
1810		if ( ! b->yy_ch_buf )
(gdb) s
1813		b->yy_is_our_buffer = 1;
(gdb) s
1815		yy_init_buffer( b, file );
(gdb) s
yy_init_buffer (b=b@entry=0x555555591860, file=file@entry=0x555555591480) at src/lexer.cpp:1845
1845	{
(gdb) s
1846		int oerrno = errno;
(gdb) s
1848		yy_flush_buffer( b );
(gdb) s
yy_flush_buffer (b=0x555555591860) at src/lexer.cpp:1873
1873	    	if ( ! b )
(gdb) s
1876		b->yy_n_chars = 0;
(gdb) s
1882		b->yy_ch_buf[0] = YY_END_OF_BUFFER_CHAR;
(gdb) s
1883		b->yy_ch_buf[1] = YY_END_OF_BUFFER_CHAR;
(gdb) s
1885		b->yy_buf_pos = &b->yy_ch_buf[0];
(gdb) s
1887		b->yy_at_bol = 1;
(gdb) s
1888		b->yy_buffer_status = YY_BUFFER_NEW;
(gdb) s
1890		if ( b == YY_CURRENT_BUFFER )
(gdb) s
yy_init_buffer (b=b@entry=0x555555591860, file=file@entry=0x555555591480) at src/lexer.cpp:1850
1850		b->yy_input_file = file;
(gdb) s
1851		b->yy_fill_buffer = 1;
(gdb) s
1857	    if (b != YY_CURRENT_BUFFER){
(gdb) s
1858	        b->yy_bs_lineno = 1;
(gdb) s
1862	        b->yy_is_interactive = file ? (isatty( fileno(file) ) > 0) : 0;
(gdb) s
s1864		errno = oerrno;
(gdb) s
1865	}
(gdb) s
yylex () at src/lexer.cpp:850
850				YY_CURRENT_BUFFER_LVALUE =
(gdb) s
854			yy_load_buffer_state(  );
(gdb) s
yy_load_buffer_state () at src/lexer.cpp:1784
1784	    	(yy_n_chars) = YY_CURRENT_BUFFER_LVALUE->yy_n_chars;
(gdb) s
1785		(yytext_ptr) = (yy_c_buf_p) = YY_CURRENT_BUFFER_LVALUE->yy_buf_pos;
(gdb) s
1786		yyin = YY_CURRENT_BUFFER_LVALUE->yy_input_file;
(gdb) s
1787		(yy_hold_char) = *(yy_c_buf_p);
(gdb) s
yylex () at src/lexer.cpp:864
864			yy_cp = (yy_c_buf_p);
(gdb) s
867			*yy_cp = (yy_hold_char);
(gdb) s
874			yy_current_state = (yy_start);
(gdb) s
878				YY_CHAR yy_c = yy_ec[YY_SC_TO_UI(*yy_cp)] ;
(gdb) s
879				if ( yy_accept[yy_current_state] )
(gdb) s
884				while ( yy_chk[yy_base[yy_current_state] + yy_c] != yy_current_state )
(gdb) s
886					yy_current_state = (int) yy_def[yy_current_state];
(gdb) s
887					if ( yy_current_state >= 64 )
(gdb) s
890				yy_current_state = yy_nxt[yy_base[yy_current_state] + yy_c];
(gdb) s
891				++yy_cp;
(gdb) s
893			while ( yy_base[yy_current_state] != 118 );
(gdb) s
892				}
(gdb) s
878				YY_CHAR yy_c = yy_ec[YY_SC_TO_UI(*yy_cp)] ;
(gdb) s
879				if ( yy_accept[yy_current_state] )
(gdb) s
881					(yy_last_accepting_state) = yy_current_state;
(gdb) s
882					(yy_last_accepting_cpos) = yy_cp;
(gdb) s
884				while ( yy_chk[yy_base[yy_current_state] + yy_c] != yy_current_state )
(gdb) s
890				yy_current_state = yy_nxt[yy_base[yy_current_state] + yy_c];
(gdb) s
891				++yy_cp;
(gdb) s
893			while ( yy_base[yy_current_state] != 118 );
(gdb) s
892				}
(gdb) s
897			if ( yy_act == 0 )
(gdb) s
904			YY_DO_BEFORE_ACTION;
(gdb) s
906			if ( yy_act != YY_END_OF_BUFFER && yy_rule_can_match_eol[yy_act] )
(gdb) s
918			switch ( yy_act )
(gdb) s
1278			int yy_amount_of_matched_text = (int) (yy_cp - (yytext_ptr)) - 1;
(gdb) s
1281			*yy_cp = (yy_hold_char);
(gdb) s
1284			if ( YY_CURRENT_BUFFER_LVALUE->yy_buffer_status == YY_BUFFER_NEW )
(gdb) s
1295				(yy_n_chars) = YY_CURRENT_BUFFER_LVALUE->yy_n_chars;
(gdb) s
1296				YY_CURRENT_BUFFER_LVALUE->yy_input_file = yyin;
(gdb) s
1297				YY_CURRENT_BUFFER_LVALUE->yy_buffer_status = YY_BUFFER_NORMAL;
(gdb) s
1307			if ( (yy_c_buf_p) <= &YY_CURRENT_BUFFER_LVALUE->yy_ch_buf[(yy_n_chars)] )
(gdb) s
1343			else switch ( yy_get_next_buffer(  ) )
(gdb) s
yy_get_next_buffer () at src/lexer.cpp:1419
1419		if ( (yy_c_buf_p) > &YY_CURRENT_BUFFER_LVALUE->yy_ch_buf[(yy_n_chars) + 1] )
(gdb) s
1423		if ( YY_CURRENT_BUFFER_LVALUE->yy_fill_buffer == 0 )
(gdb) s
1445		number_to_move = (int) ((yy_c_buf_p) - (yytext_ptr) - 1);
(gdb) s
1447		for ( i = 0; i < number_to_move; ++i )
(gdb) s
1459				YY_CURRENT_BUFFER_LVALUE->yy_buf_size - number_to_move - 1;
(gdb) s
1461			while ( num_to_read <= 0 )
(gdb) s
1499			if ( num_to_read > YY_READ_BUF_SIZE )
(gdb) s
1503			YY_INPUT( (&YY_CURRENT_BUFFER_LVALUE->yy_ch_buf[number_to_move]),
(gdb) s
1506			YY_CURRENT_BUFFER_LVALUE->yy_n_chars = (yy_n_chars);
(gdb) s
1528		if (((yy_n_chars) + number_to_move) > YY_CURRENT_BUFFER_LVALUE->yy_buf_size) {
(gdb) s
1540		YY_CURRENT_BUFFER_LVALUE->yy_ch_buf[(yy_n_chars)] = YY_END_OF_BUFFER_CHAR;
(gdb) s
1539		(yy_n_chars) += number_to_move;
(gdb) s
1540		YY_CURRENT_BUFFER_LVALUE->yy_ch_buf[(yy_n_chars)] = YY_END_OF_BUFFER_CHAR;
(gdb) s
1541		YY_CURRENT_BUFFER_LVALUE->yy_ch_buf[(yy_n_chars) + 1] = YY_END_OF_BUFFER_CHAR;
(gdb) s
1543		(yytext_ptr) = &YY_CURRENT_BUFFER_LVALUE->yy_ch_buf[0];
(gdb) s
yylex () at src/lexer.cpp:1343
1343			else switch ( yy_get_next_buffer(  ) )
(gdb) s
1278			int yy_amount_of_matched_text = (int) (yy_cp - (yytext_ptr)) - 1;
(gdb) s
1376						(yytext_ptr) + yy_amount_of_matched_text;
(gdb) s
1375					(yy_c_buf_p) =
(gdb) s
1378					yy_current_state = yy_get_previous_state(  );
(gdb) s
yy_get_previous_state () at src/lexer.cpp:1555
1555		yy_current_state = (yy_start);
(gdb) s
1557		for ( yy_cp = (yytext_ptr) + YY_MORE_ADJ; yy_cp < (yy_c_buf_p); ++yy_cp )
(gdb) s
yylex () at src/lexer.cpp:878
878				YY_CHAR yy_c = yy_ec[YY_SC_TO_UI(*yy_cp)] ;
(gdb) s
879				if ( yy_accept[yy_current_state] )
(gdb) s
884				while ( yy_chk[yy_base[yy_current_state] + yy_c] != yy_current_state )
(gdb) s
890				yy_current_state = yy_nxt[yy_base[yy_current_state] + yy_c];
(gdb) s
891				++yy_cp;
(gdb) s
893			while ( yy_base[yy_current_state] != 118 );
(gdb) s
892				}
(gdb) s
897			if ( yy_act == 0 )
(gdb) s
904			YY_DO_BEFORE_ACTION;
(gdb) s
906			if ( yy_act != YY_END_OF_BUFFER && yy_rule_can_match_eol[yy_act] )
(gdb) s
918			switch ( yy_act )
(gdb) s
(gdb) s
update_loc () at src/lexer.l:24
24	        offsets = newoffsets;
(gdb) s
25	        newoffsets = offsets + strlen(yytext);
(gdb) s
yylex () at src/lexer.l:343
343	%%
(gdb) s
864			yy_cp = (yy_c_buf_p);
(gdb) s
867			*yy_cp = (yy_hold_char);
(gdb) s
874			yy_current_state = (yy_start);
(gdb) s
878				YY_CHAR yy_c = yy_ec[YY_SC_TO_UI(*yy_cp)] ;
(gdb) s
879				if ( yy_accept[yy_current_state] )
(gdb) s
884				while ( yy_chk[yy_base[yy_current_state] + yy_c] != yy_current_state )
(gdb) s
890				yy_current_state = yy_nxt[yy_base[yy_current_state] + yy_c];
(gdb) s
891				++yy_cp;
(gdb) s
893			while ( yy_base[yy_current_state] != 118 );
(gdb) s
892				}
(gdb) s
878				YY_CHAR yy_c = yy_ec[YY_SC_TO_UI(*yy_cp)] ;
(gdb) s
879				if ( yy_accept[yy_current_state] )
(gdb) s
881					(yy_last_accepting_state) = yy_current_state;
(gdb) s
882					(yy_last_accepting_cpos) = yy_cp;
(gdb) s
884				while ( yy_chk[yy_base[yy_current_state] + yy_c] != yy_current_state )
(gdb) s
886					yy_current_state = (int) yy_def[yy_current_state];
(gdb) s
887					if ( yy_current_state >= 64 )
(gdb) s
888						yy_c = yy_meta[yy_c];
(gdb) s
890				yy_current_state = yy_nxt[yy_base[yy_current_state] + yy_c];
(gdb) s
891				++yy_cp;
(gdb) s
893			while ( yy_base[yy_current_state] != 118 );
(gdb) s
892				}
(gdb) s
878				YY_CHAR yy_c = yy_ec[YY_SC_TO_UI(*yy_cp)] ;
(gdb) s
879				if ( yy_accept[yy_current_state] )
(gdb) s
881					(yy_last_accepting_state) = yy_current_state;
(gdb) s
882					(yy_last_accepting_cpos) = yy_cp;
(gdb) s
884				while ( yy_chk[yy_base[yy_current_state] + yy_c] != yy_current_state )
(gdb) s
886					yy_current_state = (int) yy_def[yy_current_state];
(gdb) s
887					if ( yy_current_state >= 64 )
(gdb) s
888						yy_c = yy_meta[yy_c];
(gdb) s
890				yy_current_state = yy_nxt[yy_base[yy_current_state] + yy_c];
(gdb) s
891				++yy_cp;
(gdb) s
893			while ( yy_base[yy_current_state] != 118 );
(gdb) s
892				}
(gdb) s
878				YY_CHAR yy_c = yy_ec[YY_SC_TO_UI(*yy_cp)] ;
(gdb) s
879				if ( yy_accept[yy_current_state] )
(gdb) s
881					(yy_last_accepting_state) = yy_current_state;
(gdb) s
882					(yy_last_accepting_cpos) = yy_cp;
(gdb) s
884				while ( yy_chk[yy_base[yy_current_state] + yy_c] != yy_current_state )
(gdb) s
886					yy_current_state = (int) yy_def[yy_current_state];
(gdb) s
887					if ( yy_current_state >= 64 )
(gdb) s
888						yy_c = yy_meta[yy_c];
(gdb) s
886					yy_current_state = (int) yy_def[yy_current_state];
(gdb) s
887					if ( yy_current_state >= 64 )
(gdb) s
890				yy_current_state = yy_nxt[yy_base[yy_current_state] + yy_c];
(gdb) s
891				++yy_cp;
(gdb) s
893			while ( yy_base[yy_current_state] != 118 );
(gdb) s
892				}
(gdb) s
897			if ( yy_act == 0 )
(gdb) s
904			YY_DO_BEFORE_ACTION;
(gdb) s
906			if ( yy_act != YY_END_OF_BUFFER && yy_rule_can_match_eol[yy_act] )
(gdb) s
918			switch ( yy_act )
(gdb) s
277	    int min = 0;
(gdb) s
update_loc () at src/lexer.l:24
24	        offsets = newoffsets;
(gdb) s
25	        newoffsets = offsets + strlen(yytext);
(gdb) s
yylex () at src/lexer.l:281
281	    std::string token(yytext);
(gdb) s
std::__cxx11::basic_string<char, std::char_traits<char>, std::allocator<char> >::basic_string<std::allocator<char> > (this=0x7fffffffca38, 
    __s=0x5555555918b1 "ELF", __a=...)
    at /usr/bin/../lib/gcc/x86_64-linux-gnu/11/../../../../include/c++/11/bits/basic_string.h:534
534	      : _M_dataplus(_M_local_data(), __a)
(gdb) s
std::__cxx11::basic_string<char, std::char_traits<char>, std::allocator<char> >::_M_local_data (this=0x7fffffffca38)
    at /usr/bin/../lib/gcc/x86_64-linux-gnu/11/../../../../include/c++/11/bits/basic_string.h:201
201		return std::pointer_traits<pointer>::pointer_to(*_M_local_buf);
(gdb) s
std::__cxx11::basic_string<char, std::char_traits<char>, std::allocator<char> >::basic_string<std::allocator<char> > (this=0x7fffffffca38, __s=0x5555555918b1 "ELF", __a=...) at /usr/bin/../lib/gcc/x86_64-linux-gnu/11/../../../../include/c++/11/bits/basic_string.h:534
534	      : _M_dataplus(_M_local_data(), __a)
(gdb) s
std::__cxx11::basic_string<char, std::char_traits<char>, std::allocator<char> >::_Alloc_hider::_Alloc_hider (this=0x7fffffffca38, __dat=0x7fffffffca48 "", 
    __a=...)
    at /usr/bin/../lib/gcc/x86_64-linux-gnu/11/../../../../include/c++/11/bits/basic_string.h:165
165		: allocator_type(__a), _M_p(__dat) { }
(gdb) s
std::__cxx11::basic_string<char, std::char_traits<char>, std::allocator<char> >::basic_string<std::allocator<char> > (this=0x7fffffffca38, __s=0x5555555918b1 "ELF", __a=...) at /usr/bin/../lib/gcc/x86_64-linux-gnu/11/../../../../include/c++/11/bits/basic_string.h:536
536		const _CharT* __end = __s ? __s + traits_type::length(__s)
(gdb) s
std::char_traits<char>::length (__s=0x5555555918b1 "ELF") at /usr/bin/../lib/gcc/x86_64-linux-gnu/11/../../../../include/c++/11/bits/char_traits.h:399
399		return __builtin_strlen(__s);
(gdb) 
std::__cxx11::basic_string<char, std::char_traits<char>, std::allocator<char> >::basic_string<std::allocator<char> > (this=0x7fffffffca38, __s=0x5555555918b1 "ELF", __a=...) at /usr/bin/../lib/gcc/x86_64-linux-gnu/11/../../../../include/c++/11/bits/basic_string.h:539
539		_M_construct(__s, __end, random_access_iterator_tag());
(gdb) s
std::__cxx11::basic_string<char, std::char_traits<char>, std::allocator<char> >::_M_construct<char const*> (this=0x7fffffffca38, __beg=0x5555555918b1 "ELF", 
    __end=<optimized out>)
    at /usr/bin/../lib/gcc/x86_64-linux-gnu/11/../../../../include/c++/11/bits/basic_string.tcc:215
215		size_type __dnew = static_cast<size_type>(std::distance(__beg, __end));
(gdb) 
217		if (__dnew > size_type(_S_local_capacity))
(gdb) 
225		  { this->_S_copy_chars(_M_data(), __beg, __end); }
(gdb) 
std::__cxx11::basic_string<char, std::char_traits<char>, std::allocator<char> >::_S_copy_chars (__p=0x7fffffffca48 "", __k1=0x5555555918b1 "ELF", 
    __k2=<optimized out>)
    at /usr/bin/../lib/gcc/x86_64-linux-gnu/11/../../../../include/c++/11/bits/basic_string.h:406
406	      { _S_copy(__p, __k1, __k2 - __k1); }
(gdb) 
std::__cxx11::basic_string<char, std::char_traits<char>, std::allocator<char> >::_S_copy (__d=0x7fffffffca48 "", __s=0x5555555918b1 "ELF", __n=3)
    at /usr/bin/../lib/gcc/x86_64-linux-gnu/11/../../../../include/c++/11/bits/basic_string.h:356
356		if (__n == 1)
(gdb) 
yylex () at src/lexer.l:281
281	    std::string token(yytext);
(gdb) 
std::__cxx11::basic_string<char, std::char_traits<char>, std::allocator<char> >::basic_string<std::allocator<char> > (this=0x7fffffffca38, 
    __s=0x5555555918b1 "ELF", __a=...)
    at /usr/bin/../lib/gcc/x86_64-linux-gnu/11/../../../../include/c++/11/bits/basic_string.h:539
539		_M_construct(__s, __end, random_access_iterator_tag());
(gdb) 
std::__cxx11::basic_string<char, std::char_traits<char>, std::allocator<char> >::_M_construct<char const*> (this=0x7fffffffca38, __beg=0x5555555918b1 "ELF", 
    __end=<optimized out>)
    at /usr/bin/../lib/gcc/x86_64-linux-gnu/11/../../../../include/c++/11/bits/basic_string.tcc:225
225		  { this->_S_copy_chars(_M_data(), __beg, __end); }
(gdb) 
std::__cxx11::basic_string<char, std::char_traits<char>, std::allocator<char> >::_S_copy_chars (__p=0x7fffffffca48 "", __k1=0x5555555918b1 "ELF", 
    __k2=<optimized out>)
    at /usr/bin/../lib/gcc/x86_64-linux-gnu/11/../../../../include/c++/11/bits/basic_string.h:406
406	      { _S_copy(__p, __k1, __k2 - __k1); }
(gdb) 
std::__cxx11::basic_string<char, std::char_traits<char>, std::allocator<char> >::_S_copy (__d=0x7fffffffca48 "", __s=0x5555555918b1 "ELF", __n=3)
    at /usr/bin/../lib/gcc/x86_64-linux-gnu/11/../../../../include/c++/11/bits/basic_string.h:359
359		  traits_type::copy(__d, __s, __n);
(gdb) 
std::char_traits<char>::copy (__s1=<optimized out>, __s2=<optimized out>, 
    __n=<optimized out>)
    at /usr/bin/../lib/gcc/x86_64-linux-gnu/11/../../../../include/c++/11/bits/char_traits.h:437
437		return static_cast<char_type*>(__builtin_memcpy(__s1, __s2, __n));
(gdb) 
std::__cxx11::basic_string<char, std::char_traits<char>, std::allocator<char> >::_M_construct<char const*> (this=0x7fffffffca38, __beg=0x5555555918b1 "ELF", __end=<optimized out>) at /usr/bin/../lib/gcc/x86_64-linux-gnu/11/../../../../include/c++/11/bits/basic_string.tcc:232
232		_M_set_length(__dnew);
(gdb) 
std::__cxx11::basic_string<char, std::char_traits<char>, std::allocator<char> >::_M_set_length (this=0x7fffffffca38, __n=3) at /usr/bin/../lib/gcc/x86_64-linux-gnu/11/../../../../include/c++/11/bits/basic_string.h:224
224		_M_length(__n);
(gdb) 
std::__cxx11::basic_string<char, std::char_traits<char>, std::allocator<char> >::_M_length (this=0x7fffffffca38, __length=3)
    at /usr/bin/../lib/gcc/x86_64-linux-gnu/11/../../../../include/c++/11/bits/basic_string.h:191
191	      { _M_string_length = __length; }
(gdb) 
std::__cxx11::basic_string<char, std::char_traits<char>, std::allocator<char> >::_M_set_length (this=0x7fffffffca38, __n=3) at /usr/bin/../lib/gcc/x86_64-linux-gnu/11/../../../../include/c++/11/bits/basic_string.h:225
225		traits_type::assign(_M_data()[__n], _CharT());
(gdb) 
std::__cxx11::basic_string<char, std::char_traits<char>, std::allocator<char> >::_M_data (this=0x7fffffffca38)
    at /usr/bin/../lib/gcc/x86_64-linux-gnu/11/../../../../include/c++/11/bits/basic_string.h:195
195	      { return _M_dataplus._M_p; }
(gdb) 
std::__cxx11::basic_string<char, std::char_traits<char>, std::allocator<char> >::_M_set_length (this=0x7fffffffca38, __n=3) at /usr/bin/../lib/gcc/x86_64-linux-gnu/11/../../../../include/c++/11/bits/basic_string.h:225
225		traits_type::assign(_M_data()[__n], _CharT());
(gdb) 
std::char_traits<char>::assign (__c1=<optimized out>, __c2=<optimized out>)
    at /usr/bin/../lib/gcc/x86_64-linux-gnu/11/../../../../include/c++/11/bits/char_traits.h:357
357	      { __c1 = __c2; }
(gdb) 
yylex () at src/lexer.l:282
282	    to_upper(yytext);
(gdb) 
to_upper (str=0x5555555918b1 "ELF") at src/lexer.l:119
119	      for (cp = str; *cp; cp++) {
(gdb) 
120	        if (islower(*cp))
(gdb) 
285	        guess = (min + max) / 2;
(gdb) 
286	        compare = strcmp(key_tab[guess].keyword, yytext);
(gdb) 
287	        if (compare < 0) {
(gdb) 
289	        } else if (compare > 0) {
(gdb) 
290	            max = guess - 1;
(gdb) 
284	    while (min <= max) {
(gdb) 
285	        guess = (min + max) / 2;
(gdb) 
286	        compare = strcmp(key_tab[guess].keyword, yytext);
(gdb) 
287	        if (compare < 0) {
(gdb) 
288	            min = guess + 1;
(gdb) 
284	    while (min <= max) {
(gdb) 
285	        guess = (min + max) / 2;
(gdb) 
286	        compare = strcmp(key_tab[guess].keyword, yytext);
(gdb) 
287	        if (compare < 0) {
(gdb) 
289	        } else if (compare > 0) {
(gdb) 
290	            max = guess - 1;
(gdb) 
284	    while (min <= max) {
(gdb) 
285	        guess = (min + max) / 2;
(gdb) 
286	        compare = strcmp(key_tab[guess].keyword, yytext);
(gdb) 
287	        if (compare < 0) {
(gdb) 
289	        } else if (compare > 0) {
(gdb) 
290	            max = guess - 1;
(gdb) 
284	    while (min <= max) {
(gdb) 
285	        guess = (min + max) / 2;
(gdb) 
286	        compare = strcmp(key_tab[guess].keyword, yytext);
(gdb) 
287	        if (compare < 0) {
(gdb) 
289	        } else if (compare > 0) {
(gdb) 
290	            max = guess - 1;
(gdb) 
284	    while (min <= max) {
(gdb) 
285	        guess = (min + max) / 2;
(gdb) 
286	        compare = strcmp(key_tab[guess].keyword, yytext);
(gdb) 
287	        if (compare < 0) {
(gdb) 
288	            min = guess + 1;
(gdb) 
284	    while (min <= max) {
(gdb) 
298	    if (dump_token)
(gdb) 
299	        DUMP_TOKEN("Identifier\t" + token);
(gdb) 
std::operator+<char, std::char_traits<char>, std::allocator<char> > (__lhs=0x555555574b25 "Identifier\t", __rhs="ELF") at /usr/bin/../lib/gcc/x86_64-linux-gnu/11/../../../../include/c++/11/bits/basic_string.tcc:1171
1171	    {
(gdb) 
1178	      const __size_type __len = _Traits::length(__lhs);
(gdb) 
std::char_traits<char>::length (__s=0x555555574b25 "Identifier\t")
    at /usr/bin/../lib/gcc/x86_64-linux-gnu/11/../../../../include/c++/11/bits/char_traits.h:399
399		return __builtin_strlen(__s);
(gdb) 
std::operator+<char, std::char_traits<char>, std::allocator<char> > (__lhs=0x555555574b25 "Identifier\t", __rhs="ELF") at /usr/bin/../lib/gcc/x86_64-linux-gnu/11/../../../../include/c++/11/bits/basic_string.tcc:1179
1179	      __string_type __str(_Alloc_traits::_S_select_on_copy(
(gdb) 
std::__cxx11::basic_string<char, std::char_traits<char>, std::allocator<char> >::basic_string (this=0x7fffffffcb58, __a=...)
    at /usr/bin/../lib/gcc/x86_64-linux-gnu/11/../../../../include/c++/11/bits/basic_string.h:449
449	      : _M_dataplus(_M_local_data(), __a)
(gdb) 
std::__cxx11::basic_string<char, std::char_traits<char>, std::allocator<char> >::_M_local_data (this=0x7fffffffcb58)
    at /usr/bin/../lib/gcc/x86_64-linux-gnu/11/../../../../include/c++/11/bits/basic_string.h:201
201		return std::pointer_traits<pointer>::pointer_to(*_M_local_buf);
(gdb) 
std::__cxx11::basic_string<char, std::char_traits<char>, std::allocator<char> >::basic_string (this=0x7fffffffcb58, __a=...) at /usr/bin/../lib/gcc/x86_64-linux-gnu/11/../../../../include/c++/11/bits/basic_string.h:449
449	      : _M_dataplus(_M_local_data(), __a)
(gdb) 
std::__cxx11::basic_string<char, std::char_traits<char>, std::allocator<char> >::_Alloc_hider::_Alloc_hider (this=0x7fffffffcb58, __dat=0x7fffffffcb68 "\020", 
    __a=...)
    at /usr/bin/../lib/gcc/x86_64-linux-gnu/11/../../../../include/c++/11/bits/basic_string.h:165
165		: allocator_type(__a), _M_p(__dat) { }
(gdb) 
std::__cxx11::basic_string<char, std::char_traits<char>, std::allocator<char> >::basic_string (this=0x7fffffffcb58, __a=...) at /usr/bin/../lib/gcc/x86_64-linux-gnu/11/../../../../include/c++/11/bits/basic_string.h:450
450	      { _M_set_length(0); }
(gdb) 
std::__cxx11::basic_string<char, std::char_traits<char>, std::allocator<char> >::_M_set_length (this=0x7fffffffcb58, __n=0)
    at /usr/bin/../lib/gcc/x86_64-linux-gnu/11/../../../../include/c++/11/bits/basic_string.h:224
224		_M_length(__n);
(gdb) 
std::__cxx11::basic_string<char, std::char_traits<char>, std::allocator<char> >::_M_length (this=0x7fffffffcb58, __length=0)
    at /usr/bin/../lib/gcc/x86_64-linux-gnu/11/../../../../include/c++/11/bits/basic_string.h:191
191	      { _M_string_length = __length; }
(gdb) 
std::__cxx11::basic_string<char, std::char_traits<char>, std::allocator<char> >::_M_set_length (this=0x7fffffffcb58, __n=0) at /usr/bin/../lib/gcc/x86_64-linux-gnu/11/../../../../include/c++/11/bits/basic_string.h:225
225		traits_type::assign(_M_data()[__n], _CharT());
(gdb) 
std::char_traits<char>::assign (__c1=@0x7fffffffcb68: 16 '\020', 
    __c2=<optimized out>)
    at /usr/bin/../lib/gcc/x86_64-linux-gnu/11/../../../../include/c++/11/bits/char_traits.h:357
357	      { __c1 = __c2; }
(gdb) 
std::operator+<char, std::char_traits<char>, std::allocator<char> > (__lhs=0x555555574b25 "Identifier\t", __rhs="ELF") at /usr/bin/../lib/gcc/x86_64-linux-gnu/11/../../../../include/c++/11/bits/basic_string.tcc:1181
1181	      __str.reserve(__len + __rhs.size());
(gdb) 
1182	      __str.append(__lhs, __len);
(gdb) 
std::__cxx11::basic_string<char, std::char_traits<char>, std::allocator<char> >::append (this=0x7fffffffcb58, __s=0x555555574b25 "Identifier\t", __n=11)
    at /usr/bin/../lib/gcc/x86_64-linux-gnu/11/../../../../include/c++/11/bits/basic_string.h:1245
1245		_M_check_length(size_type(0), __n, "basic_string::append");
(gdb) 
std::__cxx11::basic_string<char, std::char_traits<char>, std::allocator<char> >::_M_check_length (this=0x7fffffffcb58, __n1=0, __n2=11, __s=<optimized out>)
    at /usr/bin/../lib/gcc/x86_64-linux-gnu/11/../../../../include/c++/11/bits/basic_string.h:330
330		if (this->max_size() - (this->size() - __n1) < __n2)
(gdb) 
std::__cxx11::basic_string<char, std::char_traits<char>, std::allocator<char> >::append (this=0x7fffffffcb58, __s=0x555555574b25 "Identifier\t", __n=11) at /usr/bin/../lib/gcc/x86_64-linux-gnu/11/../../../../include/c++/11/bits/basic_string.h:1246
1246		return _M_append(__s, __n);
(gdb) 
std::operator+<char, std::char_traits<char>, std::allocator<char> > (__lhs=0x555555574b25 "Identifier\t", __rhs="ELF") at /usr/bin/../lib/gcc/x86_64-linux-gnu/11/../../../../include/c++/11/bits/basic_string.tcc:1183
1183	      __str.append(__rhs);
(gdb) 
std::__cxx11::basic_string<char, std::char_traits<char>, std::allocator<char> >::append (this=0x7fffffffcb58, __str="ELF")
    at /usr/bin/../lib/gcc/x86_64-linux-gnu/11/../../../../include/c++/11/bits/basic_string.h:1214
1214	      { return _M_append(__str._M_data(), __str.size()); }
(gdb) 
std::__cxx11::basic_string<char, std::char_traits<char>, std::allocator<char> >::_M_data (this=0x7fffffffca38)
    at /usr/bin/../lib/gcc/x86_64-linux-gnu/11/../../../../include/c++/11/bits/basic_string.h:195
195	      { return _M_dataplus._M_p; }
(gdb) 
std::__cxx11::basic_string<char, std::char_traits<char>, std::allocator<char> >::append (this=0x7fffffffcb58, __str="ELF") at /usr/bin/../lib/gcc/x86_64-linux-gnu/11/../../../../include/c++/11/bits/basic_string.h:1214
1214	      { return _M_append(__str._M_data(), __str.size()); }
(gdb) 
std::__cxx11::basic_string<char, std::char_traits<char>, std::allocator<char> >::size (this=0x7fffffffca38)
    at /usr/bin/../lib/gcc/x86_64-linux-gnu/11/../../../../include/c++/11/bits/basic_string.h:921
921	      { return _M_string_length; }
(gdb) 
std::__cxx11::basic_string<char, std::char_traits<char>, std::allocator<char> >::append (this=0x7fffffffcb58, __str="ELF") at /usr/bin/../lib/gcc/x86_64-linux-gnu/11/../../../../include/c++/11/bits/basic_string.h:1214
1214	      { return _M_append(__str._M_data(), __str.size()); }
(gdb) 
std::operator+<char, std::char_traits<char>, std::allocator<char> > (__lhs=0x555555574b25 "Identifier\t", __rhs="ELF") at /usr/bin/../lib/gcc/x86_64-linux-gnu/11/../../../../include/c++/11/bits/basic_string.tcc:1185
1185	    }
(gdb) 
DUMP_TOKEN (s="Identifier\tELF") at src/lexer.l:18
18	    void DUMP_TOKEN(std::string s){
(gdb) 
19	        std::string DEBUG_INFO = "[TOKEN]: \t" + s + "\n";
(gdb) 
std::operator+<char, std::char_traits<char>, std::allocator<char> > (__lhs=0x555555574864 "[TOKEN]: \t", __rhs="Identifier\tELF") at /usr/bin/../lib/gcc/x86_64-linux-gnu/11/../../../../include/c++/11/bits/basic_string.tcc:1171
1171	    {
(gdb) 
1178	      const __size_type __len = _Traits::length(__lhs);
(gdb) 
std::char_traits<char>::length (__s=0x555555574864 "[TOKEN]: \t")
    at /usr/bin/../lib/gcc/x86_64-linux-gnu/11/../../../../include/c++/11/bits/char_traits.h:399
399		return __builtin_strlen(__s);
(gdb) 
std::operator+<char, std::char_traits<char>, std::allocator<char> > (__lhs=0x555555574864 "[TOKEN]: \t", __rhs="Identifier\tELF") at /usr/bin/../lib/gcc/x86_64-linux-gnu/11/../../../../include/c++/11/bits/basic_string.tcc:1179
1179	      __string_type __str(_Alloc_traits::_S_select_on_copy(
(gdb) 
std::__cxx11::basic_string<char, std::char_traits<char>, std::allocator<char> >::basic_string (this=0x7fffffffc9e0, __a=...)
    at /usr/bin/../lib/gcc/x86_64-linux-gnu/11/../../../../include/c++/11/bits/basic_string.h:449
449	      : _M_dataplus(_M_local_data(), __a)
(gdb) 
std::__cxx11::basic_string<char, std::char_traits<char>, std::allocator<char> >::_M_local_data (this=0x7fffffffc9e0)
    at /usr/bin/../lib/gcc/x86_64-linux-gnu/11/../../../../include/c++/11/bits/basic_string.h:201
201		return std::pointer_traits<pointer>::pointer_to(*_M_local_buf);
(gdb) 
std::__cxx11::basic_string<char, std::char_traits<char>, std::allocator<char> >::basic_string (this=0x7fffffffc9e0, __a=...) at /usr/bin/../lib/gcc/x86_64-linux-gnu/11/../../../../include/c++/11/bits/basic_string.h:449
449	      : _M_dataplus(_M_local_data(), __a)
(gdb) 
std::__cxx11::basic_string<char, std::char_traits<char>, std::allocator<char> >::_Alloc_hider::_Alloc_hider (this=0x7fffffffc9e0, 
    __dat=0x7fffffffc9f0 "\354HWUUU", __a=...)
    at /usr/bin/../lib/gcc/x86_64-linux-gnu/11/../../../../include/c++/11/bits/basic_string.h:165
165		: allocator_type(__a), _M_p(__dat) { }
(gdb) 
std::__cxx11::basic_string<char, std::char_traits<char>, std::allocator<char> >::basic_string (this=0x7fffffffc9e0, __a=...) at /usr/bin/../lib/gcc/x86_64-linux-gnu/11/../../../../include/c++/11/bits/basic_string.h:450
450	      { _M_set_length(0); }
(gdb) 
std::__cxx11::basic_string<char, std::char_traits<char>, std::allocator<char> >::_M_set_length (this=0x7fffffffc9e0, __n=0)
    at /usr/bin/../lib/gcc/x86_64-linux-gnu/11/../../../../include/c++/11/bits/basic_string.h:224
224		_M_length(__n);
(gdb) 
std::__cxx11::basic_string<char, std::char_traits<char>, std::allocator<char> >::_M_length (this=0x7fffffffc9e0, __length=0)
    at /usr/bin/../lib/gcc/x86_64-linux-gnu/11/../../../../include/c++/11/bits/basic_string.h:191
191	      { _M_string_length = __length; }
(gdb) 
std::__cxx11::basic_string<char, std::char_traits<char>, std::allocator<char> >::_M_set_length (this=0x7fffffffc9e0, __n=0) at /usr/bin/../lib/gcc/x86_64-linux-gnu/11/../../../../include/c++/11/bits/basic_string.h:225
225		traits_type::assign(_M_data()[__n], _CharT());
(gdb) 
std::char_traits<char>::assign (__c1=@0x7fffffffc9f0: -20 '\354', 
    __c2=<optimized out>)
    at /usr/bin/../lib/gcc/x86_64-linux-gnu/11/../../../../include/c++/11/bits/char_traits.h:357
357	      { __c1 = __c2; }
(gdb) 
std::operator+<char, std::char_traits<char>, std::allocator<char> > (__lhs=0x555555574864 "[TOKEN]: \t", __rhs="Identifier\tELF") at /usr/bin/../lib/gcc/x86_64-linux-gnu/11/../../../../include/c++/11/bits/basic_string.tcc:1181
1181	      __str.reserve(__len + __rhs.size());
(gdb) 
1182	      __str.append(__lhs, __len);
(gdb) 
std::__cxx11::basic_string<char, std::char_traits<char>, std::allocator<char> >::append (this=0x7fffffffc9e0, __s=0x555555574864 "[TOKEN]: \t", __n=10)
    at /usr/bin/../lib/gcc/x86_64-linux-gnu/11/../../../../include/c++/11/bits/basic_string.h:1245
1245		_M_check_length(size_type(0), __n, "basic_string::append");
(gdb) 
std::__cxx11::basic_string<char, std::char_traits<char>, std::allocator<char> >::_M_check_length (this=0x7fffffffc9e0, __n1=0, __n2=10, __s=<optimized out>)
    at /usr/bin/../lib/gcc/x86_64-linux-gnu/11/../../../../include/c++/11/bits/basic_string.h:330
330		if (this->max_size() - (this->size() - __n1) < __n2)
(gdb) 
std::__cxx11::basic_string<char, std::char_traits<char>, std::allocator<char> >::append (this=0x7fffffffc9e0, __s=0x555555574864 "[TOKEN]: \t", __n=10) at /usr/bin/../lib/gcc/x86_64-linux-gnu/11/../../../../include/c++/11/bits/basic_string.h:1246
1246		return _M_append(__s, __n);
(gdb) 
std::operator+<char, std::char_traits<char>, std::allocator<char> > (__lhs=0x555555574864 "[TOKEN]: \t", __rhs="Identifier\tELF") at /usr/bin/../lib/gcc/x86_64-linux-gnu/11/../../../../include/c++/11/bits/basic_string.tcc:1183
1183	      __str.append(__rhs);
(gdb) 
std::__cxx11::basic_string<char, std::char_traits<char>, std::allocator<char> >::append (this=0x7fffffffc9e0, __str="Identifier\tELF")
    at /usr/bin/../lib/gcc/x86_64-linux-gnu/11/../../../../include/c++/11/bits/basic_string.h:1214
1214	      { return _M_append(__str._M_data(), __str.size()); }
(gdb) 
std::__cxx11::basic_string<char, std::char_traits<char>, std::allocator<char> >::_M_data (this=0x7fffffffcb58)
    at /usr/bin/../lib/gcc/x86_64-linux-gnu/11/../../../../include/c++/11/bits/basic_string.h:195
195	      { return _M_dataplus._M_p; }
(gdb) 
std::__cxx11::basic_string<char, std::char_traits<char>, std::allocator<char> >::append (this=0x7fffffffc9e0, __str="Identifier\tELF") at /usr/bin/../lib/gcc/x86_64-linux-gnu/11/../../../../include/c++/11/bits/basic_string.h:1214
1214	      { return _M_append(__str._M_data(), __str.size()); }
(gdb) 
std::__cxx11::basic_string<char, std::char_traits<char>, std::allocator<char> >::size (this=0x7fffffffcb58)
    at /usr/bin/../lib/gcc/x86_64-linux-gnu/11/../../../../include/c++/11/bits/basic_string.h:921
921	      { return _M_string_length; }
(gdb) 
std::__cxx11::basic_string<char, std::char_traits<char>, std::allocator<char> >::append (this=0x7fffffffc9e0, __str="Identifier\tELF") at /usr/bin/../lib/gcc/x86_64-linux-gnu/11/../../../../include/c++/11/bits/basic_string.h:1214
1214	      { return _M_append(__str._M_data(), __str.size()); }
(gdb) 
std::operator+<char, std::char_traits<char>, std::allocator<char> > (__lhs=0x555555574864 "[TOKEN]: \t", __rhs="Identifier\tELF") at /usr/bin/../lib/gcc/x86_64-linux-gnu/11/../../../../include/c++/11/bits/basic_string.tcc:1185
1185	    }
(gdb) 
std::operator+<char, std::char_traits<char>, std::allocator<char> > (__lhs=..., __rhs=<optimized out>) at /usr/bin/../lib/gcc/x86_64-linux-gnu/11/../../../../include/c++/11/bits/basic_string.h:6208
6208	    { return std::move(__lhs.append(__rhs)); }
(gdb) 
std::__cxx11::basic_string<char, std::char_traits<char>, std::allocator<char> >::append (this=0x7fffffffc9e0, __s=<optimized out>)
    at /usr/bin/../lib/gcc/x86_64-linux-gnu/11/../../../../include/c++/11/bits/basic_string.h:1259
1259		_M_check_length(size_type(0), __n, "basic_string::append");
(gdb) 
std::__cxx11::basic_string<char, std::char_traits<char>, std::allocator<char> >::_M_check_length (this=0x7fffffffc9e0, __n1=0, __n2=1, __s=<optimized out>)
    at /usr/bin/../lib/gcc/x86_64-linux-gnu/11/../../../../include/c++/11/bits/basic_string.h:330
330		if (this->max_size() - (this->size() - __n1) < __n2)
(gdb) 
std::__cxx11::basic_string<char, std::char_traits<char>, std::allocator<char> >::append (this=0x7fffffffc9e0, __s=<optimized out>) at /usr/bin/../lib/gcc/x86_64-linux-gnu/11/../../../../include/c++/11/bits/basic_string.h:1260
1260		return _M_append(__s, __n);
(gdb) 
std::operator+<char, std::char_traits<char>, std::allocator<char> > (__lhs=..., __rhs=<optimized out>) at /usr/bin/../lib/gcc/x86_64-linux-gnu/11/../../../../include/c++/11/bits/basic_string.h:6208
6208	    { return std::move(__lhs.append(__rhs)); }
(gdb) 
std::__cxx11::basic_string<char, std::char_traits<char>, std::allocator<char> >::basic_string (this=0x7fffffffca00, __str=...)
    at /usr/bin/../lib/gcc/x86_64-linux-gnu/11/../../../../include/c++/11/bits/basic_string.h:566
566	      : _M_dataplus(_M_local_data(), std::move(__str._M_get_allocator()))
(gdb) 
std::__cxx11::basic_string<char, std::char_traits<char>, std::allocator<char> >::_M_local_data (this=0x7fffffffca00)
    at /usr/bin/../lib/gcc/x86_64-linux-gnu/11/../../../../include/c++/11/bits/basic_string.h:201
201		return std::pointer_traits<pointer>::pointer_to(*_M_local_buf);
(gdb) 
std::__cxx11::basic_string<char, std::char_traits<char>, std::allocator<char> >::basic_string (this=0x7fffffffca00, __str=...) at /usr/bin/../lib/gcc/x86_64-linux-gnu/11/../../../../include/c++/11/bits/basic_string.h:566
566	      : _M_dataplus(_M_local_data(), std::move(__str._M_get_allocator()))
(gdb) 
std::__cxx11::basic_string<char, std::char_traits<char>, std::allocator<char> >::_Alloc_hider::_Alloc_hider (this=0x7fffffffca00, __dat=0x7fffffffca10 "\025", 
    __a=...)
    at /usr/bin/../lib/gcc/x86_64-linux-gnu/11/../../../../include/c++/11/bits/basic_string.h:168
168		: allocator_type(std::move(__a)), _M_p(__dat) { }
(gdb) 
std::__cxx11::basic_string<char, std::char_traits<char>, std::allocator<char> >::basic_string (this=0x7fffffffca00, __str=...) at /usr/bin/../lib/gcc/x86_64-linux-gnu/11/../../../../include/c++/11/bits/basic_string.h:568
568		if (__str._M_is_local())
(gdb) 
std::__cxx11::basic_string<char, std::char_traits<char>, std::allocator<char> >::_M_is_local (this=0x7fffffffc9e0)
    at /usr/bin/../lib/gcc/x86_64-linux-gnu/11/../../../../include/c++/11/bits/basic_string.h:230
230	      { return _M_data() == _M_local_data(); }
(gdb) 
std::__cxx11::basic_string<char, std::char_traits<char>, std::allocator<char> >::_M_data (this=0x7fffffffc9e0)
    at /usr/bin/../lib/gcc/x86_64-linux-gnu/11/../../../../include/c++/11/bits/basic_string.h:195
195	      { return _M_dataplus._M_p; }
(gdb) 
std::__cxx11::basic_string<char, std::char_traits<char>, std::allocator<char> >::_M_is_local (this=0x7fffffffc9e0) at /usr/bin/../lib/gcc/x86_64-linux-gnu/11/../../../../include/c++/11/bits/basic_string.h:230
230	      { return _M_data() == _M_local_data(); }
(gdb) 
std::__cxx11::basic_string<char, std::char_traits<char>, std::allocator<char> >::_M_local_data (this=0x7fffffffc9e0)
    at /usr/bin/../lib/gcc/x86_64-linux-gnu/11/../../../../include/c++/11/bits/basic_string.h:211
211		return std::pointer_traits<const_pointer>::pointer_to(*_M_local_buf);
(gdb) 
std::__cxx11::basic_string<char, std::char_traits<char>, std::allocator<char> >::_M_is_local (this=0x7fffffffc9e0) at /usr/bin/../lib/gcc/x86_64-linux-gnu/11/../../../../include/c++/11/bits/basic_string.h:230
230	      { return _M_data() == _M_local_data(); }
(gdb) 
std::__cxx11::basic_string<char, std::char_traits<char>, std::allocator<char> >::basic_string (this=0x7fffffffca00, __str=...) at /usr/bin/../lib/gcc/x86_64-linux-gnu/11/../../../../include/c++/11/bits/basic_string.h:568
568		if (__str._M_is_local())
(gdb) 
575		    _M_data(__str._M_data());
(gdb) 
std::__cxx11::basic_string<char, std::char_traits<char>, std::allocator<char> >::_M_data (this=0x7fffffffca00, 
    __p=0x5555555960e0 "[TOKEN]: \tIdentifier\tELF\n")
    at /usr/bin/../lib/gcc/x86_64-linux-gnu/11/../../../../include/c++/11/bits/basic_string.h:187
187	      { _M_dataplus._M_p = __p; }
(gdb) 
std::__cxx11::basic_string<char, std::char_traits<char>, std::allocator<char> >::basic_string (this=0x7fffffffca00, __str=...) at /usr/bin/../lib/gcc/x86_64-linux-gnu/11/../../../../include/c++/11/bits/basic_string.h:576
576		    _M_capacity(__str._M_allocated_capacity);
(gdb) 
std::__cxx11::basic_string<char, std::char_traits<char>, std::allocator<char> >::_M_capacity (this=0x7fffffffca00, __capacity=30) at /usr/bin/../lib/gcc/x86_64-linux-gnu/11/../../../../include/c++/11/bits/basic_string.h:219
219	      { _M_allocated_capacity = __capacity; }
(gdb) 
std::__cxx11::basic_string<char, std::char_traits<char>, std::allocator<char> >::basic_string (this=0x7fffffffca00, __str=...) at /usr/bin/../lib/gcc/x86_64-linux-gnu/11/../../../../include/c++/11/bits/basic_string.h:582
582		_M_length(__str.length());
(gdb) 
std::__cxx11::basic_string<char, std::char_traits<char>, std::allocator<char> >::length (this=0x7fffffffc9e0)
    at /usr/bin/../lib/gcc/x86_64-linux-gnu/11/../../../../include/c++/11/bits/basic_string.h:927
927	      { return _M_string_length; }
(gdb) 
std::__cxx11::basic_string<char, std::char_traits<char>, std::allocator<char> >::basic_string (this=0x7fffffffca00, __str=...) at /usr/bin/../lib/gcc/x86_64-linux-gnu/11/../../../../include/c++/11/bits/basic_string.h:582
582		_M_length(__str.length());
(gdb) 
std::__cxx11::basic_string<char, std::char_traits<char>, std::allocator<char> >::_M_length (this=0x7fffffffca00, __length=25)
    at /usr/bin/../lib/gcc/x86_64-linux-gnu/11/../../../../include/c++/11/bits/basic_string.h:191
191	      { _M_string_length = __length; }
(gdb) 
std::__cxx11::basic_string<char, std::char_traits<char>, std::allocator<char> >::basic_string (this=0x7fffffffca00, __str=...) at /usr/bin/../lib/gcc/x86_64-linux-gnu/11/../../../../include/c++/11/bits/basic_string.h:583
583		__str._M_data(__str._M_local_data());
(gdb) 
std::__cxx11::basic_string<char, std::char_traits<char>, std::allocator<char> >::_M_data (this=0x7fffffffc9e0, __p=<optimized out>)
    at /usr/bin/../lib/gcc/x86_64-linux-gnu/11/../../../../include/c++/11/bits/basic_string.h:187
187	      { _M_dataplus._M_p = __p; }
(gdb) 
std::__cxx11::basic_string<char, std::char_traits<char>, std::allocator<char> >::basic_string (this=0x7fffffffca00, __str=...) at /usr/bin/../lib/gcc/x86_64-linux-gnu/11/../../../../include/c++/11/bits/basic_string.h:584
584		__str._M_set_length(0);
(gdb) 
std::__cxx11::basic_string<char, std::char_traits<char>, std::allocator<char> >::_M_set_length (this=0x7fffffffc9e0, __n=0)
    at /usr/bin/../lib/gcc/x86_64-linux-gnu/11/../../../../include/c++/11/bits/basic_string.h:224
224		_M_length(__n);
(gdb) 
std::__cxx11::basic_string<char, std::char_traits<char>, std::allocator<char> >::_M_length (this=0x7fffffffc9e0, __length=0)
    at /usr/bin/../lib/gcc/x86_64-linux-gnu/11/../../../../include/c++/11/bits/basic_string.h:191
191	      { _M_string_length = __length; }
(gdb) 
std::__cxx11::basic_string<char, std::char_traits<char>, std::allocator<char> >::_M_set_length (this=0x7fffffffc9e0, __n=0) at /usr/bin/../lib/gcc/x86_64-linux-gnu/11/../../../../include/c++/11/bits/basic_string.h:225
225		traits_type::assign(_M_data()[__n], _CharT());
(gdb) 
std::char_traits<char>::assign (__c1=<optimized out>, __c2=<optimized out>)
    at /usr/bin/../lib/gcc/x86_64-linux-gnu/11/../../../../include/c++/11/bits/char_traits.h:357
357	      { __c1 = __c2; }
(gdb) 
DUMP_TOKEN (s="Identifier\tELF") at src/lexer.l:19
19	        std::string DEBUG_INFO = "[TOKEN]: \t" + s + "\n";
(gdb) 
std::__cxx11::basic_string<char, std::char_traits<char>, std::allocator<char> >::~basic_string (this=0x7fffffffc9e0)
    at /usr/bin/../lib/gcc/x86_64-linux-gnu/11/../../../../include/c++/11/bits/basic_string.h:672
672	      { _M_dispose(); }
(gdb) 
std::__cxx11::basic_string<char, std::char_traits<char>, std::allocator<char> >::_M_dispose (this=0x7fffffffc9e0)
    at /usr/bin/../lib/gcc/x86_64-linux-gnu/11/../../../../include/c++/11/bits/basic_string.h:239
239		if (!_M_is_local())
(gdb) 
std::__cxx11::basic_string<char, std::char_traits<char>, std::allocator<char> >::_M_is_local (this=0x7fffffffc9e0)
    at /usr/bin/../lib/gcc/x86_64-linux-gnu/11/../../../../include/c++/11/bits/basic_string.h:230
230	      { return _M_data() == _M_local_data(); }
(gdb) 
std::__cxx11::basic_string<char, std::char_traits<char>, std::allocator<char> >::_M_data (this=0x7fffffffc9e0)
    at /usr/bin/../lib/gcc/x86_64-linux-gnu/11/../../../../include/c++/11/bits/basic_string.h:195
195	      { return _M_dataplus._M_p; }
(gdb) 
std::__cxx11::basic_string<char, std::char_traits<char>, std::allocator<char> >::_M_is_local (this=0x7fffffffc9e0) at /usr/bin/../lib/gcc/x86_64-linux-gnu/11/../../../../include/c++/11/bits/basic_string.h:230
230	      { return _M_data() == _M_local_data(); }
(gdb) 
std::__cxx11::basic_string<char, std::char_traits<char>, std::allocator<char> >::_M_local_data (this=0x7fffffffc9e0)
    at /usr/bin/../lib/gcc/x86_64-linux-gnu/11/../../../../include/c++/11/bits/basic_string.h:211
211		return std::pointer_traits<const_pointer>::pointer_to(*_M_local_buf);
(gdb) 
std::__cxx11::basic_string<char, std::char_traits<char>, std::allocator<char> >::_M_is_local (this=0x7fffffffc9e0) at /usr/bin/../lib/gcc/x86_64-linux-gnu/11/../../../../include/c++/11/bits/basic_string.h:230
230	      { return _M_data() == _M_local_data(); }
(gdb) 
std::__cxx11::basic_string<char, std::char_traits<char>, std::allocator<char> >::_M_dispose (this=0x7fffffffc9e0) at /usr/bin/../lib/gcc/x86_64-linux-gnu/11/../../../../include/c++/11/bits/basic_string.h:239
239		if (!_M_is_local())
(gdb) 
DUMP_TOKEN (s="Identifier\tELF") at src/lexer.l:20
20	        fputs(DEBUG_INFO.c_str(), yyout);
(gdb) 
std::__cxx11::basic_string<char, std::char_traits<char>, std::allocator<char> >::c_str (this=0x7fffffffca00)
    at /usr/bin/../lib/gcc/x86_64-linux-gnu/11/../../../../include/c++/11/bits/basic_string.h:2321
2321	      { return _M_data(); }
(gdb) 
std::__cxx11::basic_string<char, std::char_traits<char>, std::allocator<char> >::_M_data (this=0x7fffffffca00)
    at /usr/bin/../lib/gcc/x86_64-linux-gnu/11/../../../../include/c++/11/bits/basic_string.h:195
195	      { return _M_dataplus._M_p; }
(gdb) 
DUMP_TOKEN (s="Identifier\tELF") at src/lexer.l:20
20	        fputs(DEBUG_INFO.c_str(), yyout);
(gdb) 



21	    }
(gdb) 
std::__cxx11::basic_string<char, std::char_traits<char>, std::allocator<char> >::~basic_string (this=0x7fffffffca00)
    at /usr/bin/../lib/gcc/x86_64-linux-gnu/11/../../../../include/c++/11/bits/basic_string.h:672
672	      { _M_dispose(); }
(gdb) 
std::__cxx11::basic_string<char, std::char_traits<char>, std::allocator<char> >::_M_dispose (this=0x7fffffffca00)
    at /usr/bin/../lib/gcc/x86_64-linux-gnu/11/../../../../include/c++/11/bits/basic_string.h:239
239		if (!_M_is_local())
(gdb) 
std::__cxx11::basic_string<char, std::char_traits<char>, std::allocator<char> >::_M_is_local (this=0x7fffffffca00)
    at /usr/bin/../lib/gcc/x86_64-linux-gnu/11/../../../../include/c++/11/bits/basic_string.h:230
230	      { return _M_data() == _M_local_data(); }
(gdb) 
std::__cxx11::basic_string<char, std::char_traits<char>, std::allocator<char> >::_M_data (this=0x7fffffffca00)
    at /usr/bin/../lib/gcc/x86_64-linux-gnu/11/../../../../include/c++/11/bits/basic_string.h:195
195	      { return _M_dataplus._M_p; }
(gdb) 
std::__cxx11::basic_string<char, std::char_traits<char>, std::allocator<char> >::_M_is_local (this=0x7fffffffca00) at /usr/bin/../lib/gcc/x86_64-linux-gnu/11/../../../../include/c++/11/bits/basic_string.h:230
230	      { return _M_data() == _M_local_data(); }
(gdb) 
std::__cxx11::basic_string<char, std::char_traits<char>, std::allocator<char> >::_M_dispose (this=0x7fffffffca00) at /usr/bin/../lib/gcc/x86_64-linux-gnu/11/../../../../include/c++/11/bits/basic_string.h:239
239		if (!_M_is_local())
(gdb) 
240		  _M_destroy(_M_allocated_capacity);
(gdb) 
std::__cxx11::basic_string<char, std::char_traits<char>, std::allocator<char> >::_M_destroy (this=0x7fffffffca00, __size=<optimized out>)
    at /usr/bin/../lib/gcc/x86_64-linux-gnu/11/../../../../include/c++/11/bits/basic_string.h:245
245	      { _Alloc_traits::deallocate(_M_get_allocator(), _M_data(), __size + 1); }
(gdb) 
std::allocator_traits<std::allocator<char> >::deallocate (__a=..., 
    __p=0x5555555960e0 "[TOKEN]: \tIdentifier\tELF\n", 
    __p@entry=0x7fffffffcb08 "\b", __n=<optimized out>)
    at /usr/bin/../lib/gcc/x86_64-linux-gnu/11/../../../../include/c++/11/bits/alloc_traits.h:496
496	      { __a.deallocate(__p, __n); }
(gdb) 
__gnu_cxx::new_allocator<char>::deallocate (this=0x7fffffffca00, 
    __p=0x5555555960e0 "[TOKEN]: \tIdentifier\tELF\n", 
    __p@entry=0x7fffffffcb08 "\b", __t=<optimized out>)
    at /usr/bin/../lib/gcc/x86_64-linux-gnu/11/../../../../include/c++/11/ext/new_allocator.h:145
145		::operator delete(__p
(gdb) 


DUMP_TOKEN (s="Identifier\tELF") at src/lexer.l:21
21	    }
(gdb) 
yylex () at src/lexer.l:299
299	        DUMP_TOKEN("Identifier\t" + token);
(gdb) 
std::__cxx11::basic_string<char, std::char_traits<char>, std::allocator<char> >::~basic_string (this=0x7fffffffcb58)
    at /usr/bin/../lib/gcc/x86_64-linux-gnu/11/../../../../include/c++/11/bits/basic_string.h:672
672	      { _M_dispose(); }
(gdb) 
std::__cxx11::basic_string<char, std::char_traits<char>, std::allocator<char> >::_M_dispose (this=0x7fffffffcb58)
    at /usr/bin/../lib/gcc/x86_64-linux-gnu/11/../../../../include/c++/11/bits/basic_string.h:239
239		if (!_M_is_local())
(gdb) 
std::__cxx11::basic_string<char, std::char_traits<char>, std::allocator<char> >::_M_is_local (this=0x7fffffffcb58)
    at /usr/bin/../lib/gcc/x86_64-linux-gnu/11/../../../../include/c++/11/bits/basic_string.h:230
230	      { return _M_data() == _M_local_data(); }
(gdb) 
std::__cxx11::basic_string<char, std::char_traits<char>, std::allocator<char> >::_M_data (this=0x7fffffffcb58)
    at /usr/bin/../lib/gcc/x86_64-linux-gnu/11/../../../../include/c++/11/bits/basic_string.h:195
195	      { return _M_dataplus._M_p; }
(gdb) 
std::__cxx11::basic_string<char, std::char_traits<char>, std::allocator<char> >::_M_is_local (this=0x7fffffffcb58) at /usr/bin/../lib/gcc/x86_64-linux-gnu/11/../../../../include/c++/11/bits/basic_string.h:230
230	      { return _M_data() == _M_local_data(); }
(gdb) 
std::__cxx11::basic_string<char, std::char_traits<char>, std::allocator<char> >::_M_local_data (this=0x7fffffffcb58)
    at /usr/bin/../lib/gcc/x86_64-linux-gnu/11/../../../../include/c++/11/bits/basic_string.h:211
211		return std::pointer_traits<const_pointer>::pointer_to(*_M_local_buf);
(gdb) 
std::__cxx11::basic_string<char, std::char_traits<char>, std::allocator<char> >::_M_is_local (this=0x7fffffffcb58) at /usr/bin/../lib/gcc/x86_64-linux-gnu/11/../../../../include/c++/11/bits/basic_string.h:230
230	      { return _M_data() == _M_local_data(); }
(gdb) 
std::__cxx11::basic_string<char, std::char_traits<char>, std::allocator<char> >::_M_dispose (this=0x7fffffffcb58) at /usr/bin/../lib/gcc/x86_64-linux-gnu/11/../../../../include/c++/11/bits/basic_string.h:239
239		if (!_M_is_local())
(gdb) 
yylex () at src/lexer.l:300
300	    yylval.StrType = strdup(token.c_str());
(gdb) 
std::__cxx11::basic_string<char, std::char_traits<char>, std::allocator<char> >::c_str (this=0x7fffffffca38)
    at /usr/bin/../lib/gcc/x86_64-linux-gnu/11/../../../../include/c++/11/bits/basic_string.h:2321
2321	      { return _M_data(); }
(gdb) 
std::__cxx11::basic_string<char, std::char_traits<char>, std::allocator<char> >::_M_data (this=0x7fffffffca38)
    at /usr/bin/../lib/gcc/x86_64-linux-gnu/11/../../../../include/c++/11/bits/basic_string.h:195
195	      { return _M_dataplus._M_p; }
(gdb) 
yylex () at src/lexer.l:300
300	    yylval.StrType = strdup(token.c_str());
(gdb) 
std::__cxx11::basic_string<char, std::char_traits<char>, std::allocator<char> >::_M_is_local (this=0x7fffffffca38) at /usr/bin/../lib/gcc/x86_64-linux-gnu/11/../../../../include/c++/11/bits/basic_string.h:230
230	      { return _M_data() == _M_local_data(); }
(gdb) 
std::__cxx11::basic_string<char, std::char_traits<char>, std::allocator<char> >::_M_dispose (this=0x7fffffffca38) at /usr/bin/../lib/gcc/x86_64-linux-gnu/11/../../../../include/c++/11/bits/basic_string.h:239
239		if (!_M_is_local())
(gdb) 
yylex () at src/lexer.cpp:1403


1403	} /* end of yylex */
(gdb) 
yyparse () at src/parser.cpp:1487



1487	  if (yychar <= YYEOF)
(gdb) 
1493	  else if (yychar == YYerror)
(gdb) 
1505	      yytoken = YYTRANSLATE (yychar);
(gdb) 
1511	  yyn += yytoken;
(gdb) 
1512	  if (yyn < 0 || YYLAST < yyn || yycheck[yyn] != yytoken)
(gdb) 
1544	  yyn = yydefact[yystate];
(gdb) 
1545	  if (yyn == 0)
(gdb) 
3172	      ++yynerrs;
(gdb) 
3173	      yyerror (YY_("syntax error"));
(gdb) 
yyerror (message=0x555555573ba3 "syntax error") at src/parser.y:1075

1075	    std::cerr<<message<<std::endl;
(gdb) 
std::operator<< <std::char_traits<char> > (__s=0x555555573ba3 "syntax error", 
    __out=...) at src/parser.y:1074
1074	{
(gdb) 
613	      if (!__s)
(gdb) 
617				 static_cast<streamsize>(_Traits::length(__s)));
(gdb) 
std::char_traits<char>::length (__s=0x555555573ba3 "syntax error")
    at /usr/bin/../lib/gcc/x86_64-linux-gnu/11/../../../../include/c++/11/bits/char_traits.h:399
399		return __builtin_strlen(__s);
(gdb) 
std::operator<< <std::char_traits<char> > (__s=0x555555573ba3 "syntax error", __out=...) at /usr/bin/../lib/gcc/x86_64-linux-gnu/11/../../../../include/c++/11/ostream:616
616		__ostream_insert(__out, __s,
(gdb) 
syntax erroryyerror (message=<optimized out>) at src/parser.y:1075
1075	    std::cerr<<message<<std::endl;
(gdb) 

